// Jest Snapshot v1, https://goo.gl/fbAQLP

exports[`Board should render correctly 1`] = `
<table>
  <tbody>
    <tr
      key="0"
    >
      <td
        key="0x0"
      >
        <Tile
          column={0}
          onClick={[Function]}
          row={0}
          value=""
        />
      </td>
      <td
        key="0x1"
      >
        <Tile
          column={1}
          onClick={[Function]}
          row={0}
          value=""
        />
      </td>
      <td
        key="0x2"
      >
        <Tile
          column={2}
          onClick={[Function]}
          row={0}
          value=""
        />
      </td>
    </tr>
    <tr
      key="1"
    >
      <td
        key="1x0"
      >
        <Tile
          column={0}
          onClick={[Function]}
          row={1}
          value=""
        />
      </td>
      <td
        key="1x1"
      >
        <Tile
          column={1}
          onClick={[Function]}
          row={1}
          value=""
        />
      </td>
      <td
        key="1x2"
      >
        <Tile
          column={2}
          onClick={[Function]}
          row={1}
          value=""
        />
      </td>
    </tr>
    <tr
      key="2"
    >
      <td
        key="2x0"
      >
        <Tile
          column={0}
          onClick={[Function]}
          row={2}
          value=""
        />
      </td>
      <td
        key="2x1"
      >
        <Tile
          column={1}
          onClick={[Function]}
          row={2}
          value=""
        />
      </td>
      <td
        key="2x2"
      >
        <Tile
          column={2}
          onClick={[Function]}
          row={2}
          value=""
        />
      </td>
    </tr>
  </tbody>
</table>
`;
